// Jest Snapshot v1, https://goo.gl/fbAQLP

exports[`state 1`] = `
Object {
  "draftsBySubject": Object {
    "": Object {
      "subjectId": "",
      "text": "",
    },
    "0a6a7bfd-a212-4ae1-8125-6c7486213a94": Object {
      "subjectId": "0a6a7bfd-a212-4ae1-8125-6c7486213a94",
      "text": "draft for 0a6a7bfd-a212-4ae1-8125-6c7486213a94",
    },
  },
  "messagesById": Object {
    "0a6a7bfd-a212-4ae1-8125-6c7486213a94": Object {
      "date": 2016-11-10T08:01:00.000Z,
      "id": "0a6a7bfd-a212-4ae1-8125-6c7486213a94",
      "subjectId": "",
      "text": "first",
    },
    "6c6f1976-ff5b-420b-bc9d-f7484f0ee53f": Object {
      "date": 2016-11-10T08:02:00.000Z,
      "id": "6c6f1976-ff5b-420b-bc9d-f7484f0ee53f",
      "subjectId": "",
      "text": "second",
    },
    "913d97b3-6e04-4c1e-a11c-222221abf00e": Object {
      "date": 2016-11-10T08:03:00.000Z,
      "id": "913d97b3-6e04-4c1e-a11c-222221abf00e",
      "subjectId": "0a6a7bfd-a212-4ae1-8125-6c7486213a94",
      "text": "third",
    },
  },
  "messagesBySubject": Object {
    "": Array [
      Object {
        "date": 2016-11-10T08:01:00.000Z,
        "id": "0a6a7bfd-a212-4ae1-8125-6c7486213a94",
        "subjectId": "",
        "text": "first",
      },
      Object {
        "date": 2016-11-10T08:02:00.000Z,
        "id": "6c6f1976-ff5b-420b-bc9d-f7484f0ee53f",
        "subjectId": "",
        "text": "second",
      },
    ],
    "0a6a7bfd-a212-4ae1-8125-6c7486213a94": Array [
      Object {
        "date": 2016-11-10T08:03:00.000Z,
        "id": "913d97b3-6e04-4c1e-a11c-222221abf00e",
        "subjectId": "0a6a7bfd-a212-4ae1-8125-6c7486213a94",
        "text": "third",
      },
    ],
  },
}
`;
